==============================================================================
OBJECTIVE O4 — the halting gate, trained end-to-end
==============================================================================
  data        S5_limit_to_het_p100=128.csv   p = 0.1
  demand      E[D] = 1.300   fixed order must provision 4
  budget      20000 steps x batch 128, lr 0.001
  gammas      0.03   (0 = gate present, never penalised)
  schedule    penalty off for 4000 steps, then ramped over 4000
  gate        init bias 4 (lambda = 0.9820 at init)   lr = model lr
  seeds       1, 2, 3, 4, 5, 6, 7, 8, 9, 10

  Gates are soft while training and hard at evaluation, so the
  reported cost is an integer factor count.

------------------------------------------------------------------------------
learned  gamma 0.03  seed 1
------------------------------------------------------------------------------
      step      1  task 4.8658  gamma_eff 0.0000  mean n_t 3.812  gate |W| 2.497e-01
      step   2000  task 0.0133  gamma_eff 0.0000  mean n_t 4.000  gate |W| 1.068e+01
      step   4000  task 0.0059  gamma_eff 0.0000  mean n_t 4.000  gate |W| 1.068e+01
      step   6000  task 0.0056  gamma_eff 0.0150  mean n_t 4.000  gate |W| 1.068e+01
      step   8000  task 0.0037  gamma_eff 0.0300  mean n_t 4.000  gate |W| 1.068e+01
      step  10000  task 0.0030  gamma_eff 0.0300  mean n_t 4.000  gate |W| 1.068e+01
      step  12000  task 0.0025  gamma_eff 0.0300  mean n_t 4.000  gate |W| 1.068e+01
      step  14000  task 0.0034  gamma_eff 0.0300  mean n_t 4.000  gate |W| 1.068e+01
      step  16000  task 0.0027  gamma_eff 0.0300  mean n_t 4.000  gate |W| 1.068e+01
      step  18000  task 0.0024  gamma_eff 0.0300  mean n_t 4.000  gate |W| 1.068e+01
      step  20000  task 0.0028  gamma_eff 0.0300  mean n_t 4.000  gate |W| 1.068e+01
------------------------------------------------------------------------------
learned  gamma 0.03  seed 2
------------------------------------------------------------------------------
      step      1  task 4.8721  gamma_eff 0.0000  mean n_t 3.812  gate |W| 2.499e-01
      step   2000  task 0.0041  gamma_eff 0.0000  mean n_t 4.000  gate |W| 8.062e+00
      step   4000  task 0.0029  gamma_eff 0.0000  mean n_t 4.000  gate |W| 8.062e+00
      step   6000  task 0.0028  gamma_eff 0.0150  mean n_t 4.000  gate |W| 8.062e+00
      step   8000  task 0.0029  gamma_eff 0.0300  mean n_t 4.000  gate |W| 8.062e+00
      step  10000  task 0.0027  gamma_eff 0.0300  mean n_t 4.000  gate |W| 8.062e+00
      step  12000  task 0.0024  gamma_eff 0.0300  mean n_t 4.000  gate |W| 8.062e+00
      step  14000  task 0.0025  gamma_eff 0.0300  mean n_t 4.000  gate |W| 8.062e+00
      step  16000  task 0.0022  gamma_eff 0.0300  mean n_t 4.000  gate |W| 8.062e+00
      step  18000  task 0.0022  gamma_eff 0.0300  mean n_t 4.000  gate |W| 8.062e+00
      step  20000  task 0.0022  gamma_eff 0.0300  mean n_t 4.000  gate |W| 8.062e+00
------------------------------------------------------------------------------
learned  gamma 0.03  seed 3
------------------------------------------------------------------------------
      step      1  task 4.8686  gamma_eff 0.0000  mean n_t 3.812  gate |W| 2.517e-01
      step   2000  task 0.0141  gamma_eff 0.0000  mean n_t 4.000  gate |W| 9.501e+00
      step   4000  task 0.0077  gamma_eff 0.0000  mean n_t 4.000  gate |W| 9.501e+00
      step   6000  task 0.0043  gamma_eff 0.0150  mean n_t 4.000  gate |W| 9.501e+00
      step   8000  task 0.0050  gamma_eff 0.0300  mean n_t 4.000  gate |W| 9.501e+00
      step  10000  task 0.0049  gamma_eff 0.0300  mean n_t 4.000  gate |W| 9.501e+00
      step  12000  task 0.0039  gamma_eff 0.0300  mean n_t 4.000  gate |W| 9.501e+00
      step  14000  task 0.0038  gamma_eff 0.0300  mean n_t 4.000  gate |W| 9.501e+00
      step  16000  task 0.0040  gamma_eff 0.0300  mean n_t 4.000  gate |W| 9.501e+00
      step  18000  task 0.0045  gamma_eff 0.0300  mean n_t 4.000  gate |W| 9.501e+00
      step  20000  task 0.0048  gamma_eff 0.0300  mean n_t 4.000  gate |W| 9.501e+00
------------------------------------------------------------------------------
learned  gamma 0.03  seed 4
------------------------------------------------------------------------------
      step      1  task 4.8731  gamma_eff 0.0000  mean n_t 3.812  gate |W| 2.504e-01
      step   2000  task 0.0103  gamma_eff 0.0000  mean n_t 4.000  gate |W| 1.150e+01
      step   4000  task 0.0082  gamma_eff 0.0000  mean n_t 4.000  gate |W| 1.150e+01
      step   6000  task 0.0073  gamma_eff 0.0150  mean n_t 4.000  gate |W| 1.150e+01
      step   8000  task 0.0061  gamma_eff 0.0300  mean n_t 4.000  gate |W| 1.150e+01
      step  10000  task 0.0036  gamma_eff 0.0300  mean n_t 4.000  gate |W| 1.150e+01
      step  12000  task 0.0049  gamma_eff 0.0300  mean n_t 4.000  gate |W| 1.150e+01
      step  14000  task 0.0033  gamma_eff 0.0300  mean n_t 4.000  gate |W| 1.150e+01
      step  16000  task 0.0035  gamma_eff 0.0300  mean n_t 4.000  gate |W| 1.150e+01
      step  18000  task 0.0030  gamma_eff 0.0300  mean n_t 4.000  gate |W| 1.150e+01
      step  20000  task 0.0036  gamma_eff 0.0300  mean n_t 4.000  gate |W| 1.150e+01
------------------------------------------------------------------------------
learned  gamma 0.03  seed 5
------------------------------------------------------------------------------
      step      1  task 4.8687  gamma_eff 0.0000  mean n_t 3.812  gate |W| 2.479e-01
      step   2000  task 0.0099  gamma_eff 0.0000  mean n_t 4.000  gate |W| 1.130e+01
      step   4000  task 0.0120  gamma_eff 0.0000  mean n_t 4.000  gate |W| 1.130e+01
      step   6000  task 0.0084  gamma_eff 0.0150  mean n_t 4.000  gate |W| 1.130e+01
      step   8000  task 0.0038  gamma_eff 0.0300  mean n_t 4.000  gate |W| 1.130e+01
      step  10000  task 0.0049  gamma_eff 0.0300  mean n_t 4.000  gate |W| 1.130e+01
      step  12000  task 0.0047  gamma_eff 0.0300  mean n_t 4.000  gate |W| 1.130e+01
      step  14000  task 0.0049  gamma_eff 0.0300  mean n_t 4.000  gate |W| 1.130e+01
      step  16000  task 0.0048  gamma_eff 0.0300  mean n_t 4.000  gate |W| 1.130e+01
      step  18000  task 0.0032  gamma_eff 0.0300  mean n_t 4.000  gate |W| 1.130e+01
      step  20000  task 0.0031  gamma_eff 0.0300  mean n_t 4.000  gate |W| 1.130e+01
------------------------------------------------------------------------------
learned  gamma 0.03  seed 6
------------------------------------------------------------------------------
      step      1  task 4.8693  gamma_eff 0.0000  mean n_t 3.812  gate |W| 2.506e-01
      step   2000  task 0.0076  gamma_eff 0.0000  mean n_t 4.000  gate |W| 1.042e+01
      step   4000  task 0.0077  gamma_eff 0.0000  mean n_t 4.000  gate |W| 1.042e+01
      step   6000  task 0.0057  gamma_eff 0.0150  mean n_t 4.000  gate |W| 1.042e+01
      step   8000  task 0.0052  gamma_eff 0.0300  mean n_t 4.000  gate |W| 1.042e+01
      step  10000  task 0.0048  gamma_eff 0.0300  mean n_t 4.000  gate |W| 1.042e+01
      step  12000  task 0.0052  gamma_eff 0.0300  mean n_t 4.000  gate |W| 1.042e+01
      step  14000  task 0.0039  gamma_eff 0.0300  mean n_t 4.000  gate |W| 1.042e+01
      step  16000  task 0.0043  gamma_eff 0.0300  mean n_t 4.000  gate |W| 1.042e+01
      step  18000  task 0.0039  gamma_eff 0.0300  mean n_t 4.000  gate |W| 1.042e+01
      step  20000  task 0.0041  gamma_eff 0.0300  mean n_t 4.000  gate |W| 1.042e+01
------------------------------------------------------------------------------
learned  gamma 0.03  seed 7
------------------------------------------------------------------------------
      step      1  task 4.8742  gamma_eff 0.0000  mean n_t 3.812  gate |W| 2.485e-01
      step   2000  task 0.0063  gamma_eff 0.0000  mean n_t 4.000  gate |W| 1.313e+01
      step   4000  task 0.0030  gamma_eff 0.0000  mean n_t 4.000  gate |W| 1.313e+01
      step   6000  task 0.0024  gamma_eff 0.0150  mean n_t 4.000  gate |W| 1.313e+01
      step   8000  task 0.0022  gamma_eff 0.0300  mean n_t 4.000  gate |W| 1.313e+01
      step  10000  task 0.0022  gamma_eff 0.0300  mean n_t 4.000  gate |W| 1.313e+01
      step  12000  task 0.0027  gamma_eff 0.0300  mean n_t 4.000  gate |W| 1.313e+01
      step  14000  task 0.0019  gamma_eff 0.0300  mean n_t 4.000  gate |W| 1.313e+01
      step  16000  task 0.0019  gamma_eff 0.0300  mean n_t 4.000  gate |W| 1.313e+01
      step  18000  task 0.0022  gamma_eff 0.0300  mean n_t 4.000  gate |W| 1.313e+01
      step  20000  task 0.0017  gamma_eff 0.0300  mean n_t 4.000  gate |W| 1.313e+01
------------------------------------------------------------------------------
learned  gamma 0.03  seed 8
------------------------------------------------------------------------------
      step      1  task 4.8689  gamma_eff 0.0000  mean n_t 3.812  gate |W| 2.526e-01
      step   2000  task 0.0101  gamma_eff 0.0000  mean n_t 4.000  gate |W| 9.088e+00
      step   4000  task 0.0061  gamma_eff 0.0000  mean n_t 4.000  gate |W| 9.088e+00
      step   6000  task 0.0041  gamma_eff 0.0150  mean n_t 4.000  gate |W| 9.088e+00
      step   8000  task 0.0047  gamma_eff 0.0300  mean n_t 4.000  gate |W| 9.088e+00
      step  10000  task 0.0044  gamma_eff 0.0300  mean n_t 4.000  gate |W| 9.088e+00
      step  12000  task 0.0037  gamma_eff 0.0300  mean n_t 4.000  gate |W| 9.088e+00
      step  14000  task 0.0034  gamma_eff 0.0300  mean n_t 4.000  gate |W| 9.088e+00
      step  16000  task 0.0037  gamma_eff 0.0300  mean n_t 4.000  gate |W| 9.088e+00
      step  18000  task 0.0029  gamma_eff 0.0300  mean n_t 4.000  gate |W| 9.088e+00
      step  20000  task 0.0031  gamma_eff 0.0300  mean n_t 4.000  gate |W| 9.088e+00
------------------------------------------------------------------------------
learned  gamma 0.03  seed 9
------------------------------------------------------------------------------
      step      1  task 4.8677  gamma_eff 0.0000  mean n_t 3.812  gate |W| 2.525e-01
      step   2000  task 0.0072  gamma_eff 0.0000  mean n_t 4.000  gate |W| 9.505e+00
      step   4000  task 0.0052  gamma_eff 0.0000  mean n_t 4.000  gate |W| 9.505e+00
      step   6000  task 0.0038  gamma_eff 0.0150  mean n_t 4.000  gate |W| 9.505e+00
      step   8000  task 0.0036  gamma_eff 0.0300  mean n_t 4.000  gate |W| 9.505e+00
      step  10000  task 0.0033  gamma_eff 0.0300  mean n_t 4.000  gate |W| 9.505e+00
      step  12000  task 0.0027  gamma_eff 0.0300  mean n_t 4.000  gate |W| 9.505e+00
      step  14000  task 0.0024  gamma_eff 0.0300  mean n_t 4.000  gate |W| 9.505e+00
      step  16000  task 0.0028  gamma_eff 0.0300  mean n_t 4.000  gate |W| 9.505e+00
      step  18000  task 0.0031  gamma_eff 0.0300  mean n_t 4.000  gate |W| 9.505e+00
      step  20000  task 0.0023  gamma_eff 0.0300  mean n_t 4.000  gate |W| 9.505e+00
------------------------------------------------------------------------------
learned  gamma 0.03  seed 10
------------------------------------------------------------------------------
      step      1  task 4.8697  gamma_eff 0.0000  mean n_t 3.812  gate |W| 2.513e-01
      step   2000  task 0.0071  gamma_eff 0.0000  mean n_t 4.000  gate |W| 1.094e+01
      step   4000  task 0.0032  gamma_eff 0.0000  mean n_t 4.000  gate |W| 1.094e+01
      step   6000  task 0.0033  gamma_eff 0.0150  mean n_t 4.000  gate |W| 1.094e+01
      step   8000  task 0.0037  gamma_eff 0.0300  mean n_t 4.000  gate |W| 1.094e+01
      step  10000  task 0.0028  gamma_eff 0.0300  mean n_t 4.000  gate |W| 1.094e+01
      step  12000  task 0.0027  gamma_eff 0.0300  mean n_t 4.000  gate |W| 1.094e+01
      step  14000  task 0.0026  gamma_eff 0.0300  mean n_t 4.000  gate |W| 1.094e+01
      step  16000  task 0.0035  gamma_eff 0.0300  mean n_t 4.000  gate |W| 1.094e+01
      step  18000  task 0.0026  gamma_eff 0.0300  mean n_t 4.000  gate |W| 1.094e+01
      step  20000  task 0.0025  gamma_eff 0.0300  mean n_t 4.000  gate |W| 1.094e+01
==============================================================================
arm               seed    token     seq    cost    mae   under   corr
------------------------------------------------------------------------------
learned(g=0.03)      1   0.9997  0.9875   4.000   2.70    0.00   0.00
learned(g=0.03)      2   0.9999  0.9965   4.000   2.70    0.00   0.00
learned(g=0.03)      3   0.9996  0.9715   4.000   2.70    0.00   0.00
learned(g=0.03)      4   0.9998  0.9850   4.000   2.70    0.00   0.00
learned(g=0.03)      5   0.9995  0.9685   4.000   2.70    0.00   0.00
learned(g=0.03)      6   0.9998  0.9785   4.000   2.70    0.00   0.00
learned(g=0.03)      7   0.9998  0.9860   4.000   2.70    0.00   0.00
learned(g=0.03)      8   0.9998  0.9800   4.000   2.70    0.00   0.00
learned(g=0.03)      9   0.9999  0.9905   4.000   2.70    0.00   0.00
learned(g=0.03)     10   0.9999  0.9925   4.000   2.70    0.00   0.00
==============================================================================
  NO VERDICT: no oracle arm in this run to compare against.

written: results/gate_fixedinit.json
